2025-07-15T15:13:03.024-04:00  INFO 8032 --- [createmanagesubmit] [main] c.v.c.CreatemanagesubmitApplication      : Starting CreatemanagesubmitApplication using Java 21.0.7 with PID 8032 (/home/xvtfx/Documentos/createmanagesubmit/target/classes started by xvtfx in /home/xvtfx/Documentos/createmanagesubmit)
2025-07-15T15:13:03.047-04:00  INFO 8032 --- [createmanagesubmit] [main] c.v.c.CreatemanagesubmitApplication      : No active profile set, falling back to 1 default profile: "default"
2025-07-15T15:13:04.515-04:00  INFO 8032 --- [createmanagesubmit] [main] .s.d.r.c.RepositoryConfigurationDelegate : Bootstrapping Spring Data JPA repositories in DEFAULT mode.
2025-07-15T15:13:04.641-04:00  INFO 8032 --- [createmanagesubmit] [main] .s.d.r.c.RepositoryConfigurationDelegate : Finished Spring Data repository scanning in 114 ms. Found 4 JPA repository interfaces.
2025-07-15T15:13:04.733-04:00  INFO 8032 --- [createmanagesubmit] [main] faultConfiguringBeanFactoryPostProcessor : No bean named 'errorChannel' has been explicitly defined. Therefore, a default PublishSubscribeChannel will be created.
2025-07-15T15:13:04.741-04:00  INFO 8032 --- [createmanagesubmit] [main] faultConfiguringBeanFactoryPostProcessor : No bean named 'integrationHeaderChannelRegistry' has been explicitly defined. Therefore, a default DefaultHeaderChannelRegistry will be created.
2025-07-15T15:13:05.657-04:00  INFO 8032 --- [createmanagesubmit] [main] o.s.b.w.embedded.tomcat.TomcatWebServer  : Tomcat initialized with port 8080 (http)
2025-07-15T15:13:05.675-04:00  INFO 8032 --- [createmanagesubmit] [main] o.apache.catalina.core.StandardService   : Starting service [Tomcat]
2025-07-15T15:13:05.675-04:00  INFO 8032 --- [createmanagesubmit] [main] o.apache.catalina.core.StandardEngine    : Starting Servlet engine: [Apache Tomcat/10.1.34]
2025-07-15T15:13:05.727-04:00  INFO 8032 --- [createmanagesubmit] [main] o.a.c.c.C.[Tomcat].[localhost].[/]       : Initializing Spring embedded WebApplicationContext
2025-07-15T15:13:05.728-04:00  INFO 8032 --- [createmanagesubmit] [main] w.s.c.ServletWebServerApplicationContext : Root WebApplicationContext: initialization completed in 2609 ms
2025-07-15T15:13:06.193-04:00  INFO 8032 --- [createmanagesubmit] [main] o.hibernate.jpa.internal.util.LogHelper  : HHH000204: Processing PersistenceUnitInfo [name: default]
2025-07-15T15:13:06.246-04:00  INFO 8032 --- [createmanagesubmit] [main] org.hibernate.Version                    : HHH000412: Hibernate ORM core version 6.6.4.Final
2025-07-15T15:13:06.281-04:00  INFO 8032 --- [createmanagesubmit] [main] o.h.c.internal.RegionFactoryInitiator    : HHH000026: Second-level cache disabled
2025-07-15T15:13:06.600-04:00  INFO 8032 --- [createmanagesubmit] [main] o.s.o.j.p.SpringPersistenceUnitInfo      : No LoadTimeWeaver setup: ignoring JPA class transformer
2025-07-15T15:13:06.632-04:00  INFO 8032 --- [createmanagesubmit] [main] com.zaxxer.hikari.HikariDataSource       : HikariPool-1 - Starting...
2025-07-15T15:13:06.727-04:00  INFO 8032 --- [createmanagesubmit] [main] com.zaxxer.hikari.pool.HikariPool        : HikariPool-1 - Added connection org.mariadb.jdbc.Connection@41289e88
2025-07-15T15:13:06.730-04:00  INFO 8032 --- [createmanagesubmit] [main] com.zaxxer.hikari.HikariDataSource       : HikariPool-1 - Start completed.
2025-07-15T15:13:06.762-04:00  WARN 8032 --- [createmanagesubmit] [main] org.hibernate.orm.deprecation            : HHH90000025: MariaDBDialect does not need to be specified explicitly using 'hibernate.dialect' (remove the property setting and it will be selected by default)
2025-07-15T15:13:06.780-04:00  INFO 8032 --- [createmanagesubmit] [main] org.hibernate.orm.connections.pooling    : HHH10001005: Database info:
	Database JDBC URL [Connecting through datasource 'HikariDataSource (HikariPool-1)']
	Database driver: undefined/unknown
	Database version: 11.8.2
	Autocommit mode: undefined/unknown
	Isolation level: undefined/unknown
	Minimum pool size: undefined/unknown
	Maximum pool size: undefined/unknown
2025-07-15T15:13:07.911-04:00  INFO 8032 --- [createmanagesubmit] [main] o.h.e.t.j.p.i.JtaPlatformInitiator       : HHH000489: No JTA platform available (set 'hibernate.transaction.jta.platform' to enable JTA platform integration)
2025-07-15T15:13:07.972-04:00  INFO 8032 --- [createmanagesubmit] [main] j.LocalContainerEntityManagerFactoryBean : Initialized JPA EntityManagerFactory for persistence unit 'default'
2025-07-15T15:13:08.631-04:00  INFO 8032 --- [createmanagesubmit] [jodconverter-offprocmng-0] o.j.local.office.OfficeDescriptor        : soffice info (from exec path): Product: LibreOffice - Version: ??? - useLongOptionNameGnuStyle: true
2025-07-15T15:13:08.785-04:00  INFO 8032 --- [createmanagesubmit] [main] o.s.b.a.w.s.WelcomePageHandlerMapping    : Adding welcome page template: index
2025-07-15T15:13:09.162-04:00  INFO 8032 --- [createmanagesubmit] [jodconverter-offprocmng-0] o.j.local.office.OfficeDescriptor        : soffice info (from help output): Product: LibreOffice - Version: 25.2.3.2 - useLongOptionNameGnuStyle: true
2025-07-15T15:13:09.181-04:00  INFO 8032 --- [createmanagesubmit] [jodconverter-offprocmng-0] o.j.l.office.LocalOfficeProcessManager   : Starting process with --accept 'socket,host=127.0.0.1,port=2002,tcpNoDelay=1;urp;StarOffice.ServiceManager' and profileDir '/tmp/.jodconverter_socket_host-127.0.0.1_port-2002_tcpNoDelay-1'
2025-07-15T15:13:09.792-04:00  WARN 8032 --- [createmanagesubmit] [jodconverter-offprocmng-0] o.j.l.o.StartProcessAndConnectRetryable  : Office process died with exit code 81; restarting it
2025-07-15T15:13:10.305-04:00  INFO 8032 --- [createmanagesubmit] [main] o.s.b.a.e.web.EndpointLinksResolver      : Exposing 1 endpoint beneath base path '/actuator'
2025-07-15T15:13:10.571-04:00  INFO 8032 --- [createmanagesubmit] [main] o.s.i.endpoint.EventDrivenConsumer       : Adding {logging-channel-adapter:_org.springframework.integration.errorLogger} as a subscriber to the 'errorChannel' channel
2025-07-15T15:13:10.573-04:00  INFO 8032 --- [createmanagesubmit] [main] o.s.i.channel.PublishSubscribeChannel    : Channel 'createmanagesubmit.errorChannel' has 1 subscriber(s).
2025-07-15T15:13:10.574-04:00  INFO 8032 --- [createmanagesubmit] [main] o.s.i.endpoint.EventDrivenConsumer       : started bean '_org.springframework.integration.errorLogger'
2025-07-15T15:13:10.611-04:00  INFO 8032 --- [createmanagesubmit] [main] o.s.b.w.embedded.tomcat.TomcatWebServer  : Tomcat started on port 8080 (http) with context path '/'
2025-07-15T15:13:10.679-04:00  INFO 8032 --- [createmanagesubmit] [main] c.v.c.CreatemanagesubmitApplication      : Started CreatemanagesubmitApplication in 8.133 seconds (process running for 9.117)
2025-07-15T15:13:11.128-04:00  INFO 8032 --- [createmanagesubmit] [jodconverter-offprocmng-0] o.j.local.office.OfficeConnection        : Connected: 'socket,host=127.0.0.1,port=2002,tcpNoDelay=1'
2025-07-15T15:13:11.129-04:00  INFO 8032 --- [createmanagesubmit] [jodconverter-offprocmng-0] o.j.l.office.LocalOfficeProcessManager   : Started process; pid: 8209
2025-07-15T15:13:11.989-04:00  INFO 8032 --- [createmanagesubmit] [RMI TCP Connection(2)-127.0.0.1] o.a.c.c.C.[Tomcat].[localhost].[/]       : Initializing Spring DispatcherServlet 'dispatcherServlet'
2025-07-15T15:13:11.990-04:00  INFO 8032 --- [createmanagesubmit] [RMI TCP Connection(2)-127.0.0.1] o.s.web.servlet.DispatcherServlet        : Initializing Servlet 'dispatcherServlet'
2025-07-15T15:13:11.993-04:00  INFO 8032 --- [createmanagesubmit] [RMI TCP Connection(2)-127.0.0.1] o.s.web.servlet.DispatcherServlet        : Completed initialization in 3 ms
2025-07-15T15:16:34.861-04:00  INFO 9800 --- [createmanagesubmit] [main] c.v.c.CreatemanagesubmitApplication      : Starting CreatemanagesubmitApplication using Java 21.0.7 with PID 9800 (/home/xvtfx/Documentos/createmanagesubmit/target/classes started by xvtfx in /home/xvtfx/Documentos/createmanagesubmit)
2025-07-15T15:16:34.865-04:00  INFO 9800 --- [createmanagesubmit] [main] c.v.c.CreatemanagesubmitApplication      : No active profile set, falling back to 1 default profile: "default"
2025-07-15T15:16:36.311-04:00  INFO 9800 --- [createmanagesubmit] [main] .s.d.r.c.RepositoryConfigurationDelegate : Bootstrapping Spring Data JPA repositories in DEFAULT mode.
2025-07-15T15:16:36.435-04:00  INFO 9800 --- [createmanagesubmit] [main] .s.d.r.c.RepositoryConfigurationDelegate : Finished Spring Data repository scanning in 113 ms. Found 4 JPA repository interfaces.
2025-07-15T15:16:36.524-04:00  INFO 9800 --- [createmanagesubmit] [main] faultConfiguringBeanFactoryPostProcessor : No bean named 'errorChannel' has been explicitly defined. Therefore, a default PublishSubscribeChannel will be created.
2025-07-15T15:16:36.532-04:00  INFO 9800 --- [createmanagesubmit] [main] faultConfiguringBeanFactoryPostProcessor : No bean named 'integrationHeaderChannelRegistry' has been explicitly defined. Therefore, a default DefaultHeaderChannelRegistry will be created.
2025-07-15T15:16:37.387-04:00  INFO 9800 --- [createmanagesubmit] [main] o.s.b.w.embedded.tomcat.TomcatWebServer  : Tomcat initialized with port 8080 (http)
2025-07-15T15:16:37.408-04:00  INFO 9800 --- [createmanagesubmit] [main] o.apache.catalina.core.StandardService   : Starting service [Tomcat]
2025-07-15T15:16:37.408-04:00  INFO 9800 --- [createmanagesubmit] [main] o.apache.catalina.core.StandardEngine    : Starting Servlet engine: [Apache Tomcat/10.1.34]
2025-07-15T15:16:37.456-04:00  INFO 9800 --- [createmanagesubmit] [main] o.a.c.c.C.[Tomcat].[localhost].[/]       : Initializing Spring embedded WebApplicationContext
2025-07-15T15:16:37.457-04:00  INFO 9800 --- [createmanagesubmit] [main] w.s.c.ServletWebServerApplicationContext : Root WebApplicationContext: initialization completed in 2533 ms
2025-07-15T15:16:37.863-04:00  INFO 9800 --- [createmanagesubmit] [main] o.hibernate.jpa.internal.util.LogHelper  : HHH000204: Processing PersistenceUnitInfo [name: default]
2025-07-15T15:16:37.926-04:00  INFO 9800 --- [createmanagesubmit] [main] org.hibernate.Version                    : HHH000412: Hibernate ORM core version 6.6.4.Final
2025-07-15T15:16:37.962-04:00  INFO 9800 --- [createmanagesubmit] [main] o.h.c.internal.RegionFactoryInitiator    : HHH000026: Second-level cache disabled
2025-07-15T15:16:38.232-04:00  INFO 9800 --- [createmanagesubmit] [main] o.s.o.j.p.SpringPersistenceUnitInfo      : No LoadTimeWeaver setup: ignoring JPA class transformer
2025-07-15T15:16:38.262-04:00  INFO 9800 --- [createmanagesubmit] [main] com.zaxxer.hikari.HikariDataSource       : HikariPool-1 - Starting...
2025-07-15T15:16:38.357-04:00  INFO 9800 --- [createmanagesubmit] [main] com.zaxxer.hikari.pool.HikariPool        : HikariPool-1 - Added connection org.mariadb.jdbc.Connection@285b491f
2025-07-15T15:16:38.360-04:00  INFO 9800 --- [createmanagesubmit] [main] com.zaxxer.hikari.HikariDataSource       : HikariPool-1 - Start completed.
2025-07-15T15:16:38.385-04:00  WARN 9800 --- [createmanagesubmit] [main] org.hibernate.orm.deprecation            : HHH90000025: MariaDBDialect does not need to be specified explicitly using 'hibernate.dialect' (remove the property setting and it will be selected by default)
2025-07-15T15:16:38.401-04:00  INFO 9800 --- [createmanagesubmit] [main] org.hibernate.orm.connections.pooling    : HHH10001005: Database info:
	Database JDBC URL [Connecting through datasource 'HikariDataSource (HikariPool-1)']
	Database driver: undefined/unknown
	Database version: 11.8.2
	Autocommit mode: undefined/unknown
	Isolation level: undefined/unknown
	Minimum pool size: undefined/unknown
	Maximum pool size: undefined/unknown
2025-07-15T15:16:39.438-04:00  INFO 9800 --- [createmanagesubmit] [main] o.h.e.t.j.p.i.JtaPlatformInitiator       : HHH000489: No JTA platform available (set 'hibernate.transaction.jta.platform' to enable JTA platform integration)
2025-07-15T15:16:39.489-04:00  INFO 9800 --- [createmanagesubmit] [main] j.LocalContainerEntityManagerFactoryBean : Initialized JPA EntityManagerFactory for persistence unit 'default'
2025-07-15T15:16:40.250-04:00  INFO 9800 --- [createmanagesubmit] [jodconverter-offprocmng-0] o.j.local.office.OfficeDescriptor        : soffice info (from exec path): Product: LibreOffice - Version: ??? - useLongOptionNameGnuStyle: true
2025-07-15T15:16:40.381-04:00  INFO 9800 --- [createmanagesubmit] [main] o.s.b.a.w.s.WelcomePageHandlerMapping    : Adding welcome page template: index
2025-07-15T15:16:40.402-04:00  INFO 9800 --- [createmanagesubmit] [jodconverter-offprocmng-0] o.j.local.office.OfficeDescriptor        : soffice info (from help output): Product: LibreOffice - Version: 25.2.3.2 - useLongOptionNameGnuStyle: true
2025-07-15T15:16:40.434-04:00  WARN 9800 --- [createmanagesubmit] [jodconverter-offprocmng-0] o.j.l.office.LocalOfficeProcessManager   : A process with --accept 'socket,host=127.0.0.1,port=2002,tcpNoDelay=1;urp;StarOffice.ServiceManager' is already running; pid 8209; trying to kill it...
2025-07-15T15:16:41.469-04:00  WARN 9800 --- [createmanagesubmit] [jodconverter-offprocmng-0] o.j.l.office.LocalOfficeProcessManager   : Profile dir '/tmp/.jodconverter_socket_host-127.0.0.1_port-2002_tcpNoDelay-1' already exists; deleting
2025-07-15T15:16:41.478-04:00  INFO 9800 --- [createmanagesubmit] [jodconverter-offprocmng-0] o.j.l.office.LocalOfficeProcessManager   : Starting process with --accept 'socket,host=127.0.0.1,port=2002,tcpNoDelay=1;urp;StarOffice.ServiceManager' and profileDir '/tmp/.jodconverter_socket_host-127.0.0.1_port-2002_tcpNoDelay-1'
2025-07-15T15:16:41.773-04:00  INFO 9800 --- [createmanagesubmit] [main] o.s.b.a.e.web.EndpointLinksResolver      : Exposing 1 endpoint beneath base path '/actuator'
2025-07-15T15:16:42.057-04:00  WARN 9800 --- [createmanagesubmit] [jodconverter-offprocmng-0] o.j.l.o.StartProcessAndConnectRetryable  : Office process died with exit code 81; restarting it
2025-07-15T15:16:42.062-04:00  INFO 9800 --- [createmanagesubmit] [main] o.s.i.endpoint.EventDrivenConsumer       : Adding {logging-channel-adapter:_org.springframework.integration.errorLogger} as a subscriber to the 'errorChannel' channel
2025-07-15T15:16:42.063-04:00  INFO 9800 --- [createmanagesubmit] [main] o.s.i.channel.PublishSubscribeChannel    : Channel 'createmanagesubmit.errorChannel' has 1 subscriber(s).
2025-07-15T15:16:42.066-04:00  INFO 9800 --- [createmanagesubmit] [main] o.s.i.endpoint.EventDrivenConsumer       : started bean '_org.springframework.integration.errorLogger'
2025-07-15T15:16:42.091-04:00  INFO 9800 --- [createmanagesubmit] [main] o.s.b.w.embedded.tomcat.TomcatWebServer  : Tomcat started on port 8080 (http) with context path '/'
2025-07-15T15:16:42.126-04:00  INFO 9800 --- [createmanagesubmit] [main] c.v.c.CreatemanagesubmitApplication      : Started CreatemanagesubmitApplication in 7.771 seconds (process running for 8.641)
2025-07-15T15:16:43.117-04:00  INFO 9800 --- [createmanagesubmit] [jodconverter-offprocmng-0] o.j.local.office.OfficeConnection        : Connected: 'socket,host=127.0.0.1,port=2002,tcpNoDelay=1'
2025-07-15T15:16:43.118-04:00  INFO 9800 --- [createmanagesubmit] [jodconverter-offprocmng-0] o.j.l.office.LocalOfficeProcessManager   : Started process; pid: 9962
2025-07-15T15:16:43.668-04:00  INFO 9800 --- [createmanagesubmit] [RMI TCP Connection(2)-127.0.0.1] o.a.c.c.C.[Tomcat].[localhost].[/]       : Initializing Spring DispatcherServlet 'dispatcherServlet'
2025-07-15T15:16:43.669-04:00  INFO 9800 --- [createmanagesubmit] [RMI TCP Connection(2)-127.0.0.1] o.s.web.servlet.DispatcherServlet        : Initializing Servlet 'dispatcherServlet'
2025-07-15T15:16:43.670-04:00  INFO 9800 --- [createmanagesubmit] [RMI TCP Connection(2)-127.0.0.1] o.s.web.servlet.DispatcherServlet        : Completed initialization in 1 ms
2025-07-15T15:22:03.728-04:00  INFO 12122 --- [createmanagesubmit] [main] c.v.c.CreatemanagesubmitApplication      : Starting CreatemanagesubmitApplication using Java 21.0.7 with PID 12122 (/home/xvtfx/Documentos/createmanagesubmit/target/classes started by xvtfx in /home/xvtfx/Documentos/createmanagesubmit)
2025-07-15T15:22:03.731-04:00  INFO 12122 --- [createmanagesubmit] [main] c.v.c.CreatemanagesubmitApplication      : No active profile set, falling back to 1 default profile: "default"
2025-07-15T15:22:05.123-04:00  INFO 12122 --- [createmanagesubmit] [main] .s.d.r.c.RepositoryConfigurationDelegate : Bootstrapping Spring Data JPA repositories in DEFAULT mode.
2025-07-15T15:22:05.254-04:00  INFO 12122 --- [createmanagesubmit] [main] .s.d.r.c.RepositoryConfigurationDelegate : Finished Spring Data repository scanning in 120 ms. Found 4 JPA repository interfaces.
2025-07-15T15:22:05.344-04:00  INFO 12122 --- [createmanagesubmit] [main] faultConfiguringBeanFactoryPostProcessor : No bean named 'errorChannel' has been explicitly defined. Therefore, a default PublishSubscribeChannel will be created.
2025-07-15T15:22:05.352-04:00  INFO 12122 --- [createmanagesubmit] [main] faultConfiguringBeanFactoryPostProcessor : No bean named 'integrationHeaderChannelRegistry' has been explicitly defined. Therefore, a default DefaultHeaderChannelRegistry will be created.
2025-07-15T15:22:06.450-04:00  INFO 12122 --- [createmanagesubmit] [main] o.s.b.w.embedded.tomcat.TomcatWebServer  : Tomcat initialized with port 8080 (http)
2025-07-15T15:22:06.467-04:00  INFO 12122 --- [createmanagesubmit] [main] o.apache.catalina.core.StandardService   : Starting service [Tomcat]
2025-07-15T15:22:06.468-04:00  INFO 12122 --- [createmanagesubmit] [main] o.apache.catalina.core.StandardEngine    : Starting Servlet engine: [Apache Tomcat/10.1.34]
2025-07-15T15:22:06.534-04:00  INFO 12122 --- [createmanagesubmit] [main] o.a.c.c.C.[Tomcat].[localhost].[/]       : Initializing Spring embedded WebApplicationContext
2025-07-15T15:22:06.535-04:00  INFO 12122 --- [createmanagesubmit] [main] w.s.c.ServletWebServerApplicationContext : Root WebApplicationContext: initialization completed in 2716 ms
2025-07-15T15:22:06.918-04:00  INFO 12122 --- [createmanagesubmit] [main] o.hibernate.jpa.internal.util.LogHelper  : HHH000204: Processing PersistenceUnitInfo [name: default]
2025-07-15T15:22:06.999-04:00  INFO 12122 --- [createmanagesubmit] [main] org.hibernate.Version                    : HHH000412: Hibernate ORM core version 6.6.4.Final
2025-07-15T15:22:07.034-04:00  INFO 12122 --- [createmanagesubmit] [main] o.h.c.internal.RegionFactoryInitiator    : HHH000026: Second-level cache disabled
2025-07-15T15:22:07.302-04:00  INFO 12122 --- [createmanagesubmit] [main] o.s.o.j.p.SpringPersistenceUnitInfo      : No LoadTimeWeaver setup: ignoring JPA class transformer
2025-07-15T15:22:07.346-04:00  INFO 12122 --- [createmanagesubmit] [main] com.zaxxer.hikari.HikariDataSource       : HikariPool-1 - Starting...
2025-07-15T15:22:07.465-04:00  INFO 12122 --- [createmanagesubmit] [main] com.zaxxer.hikari.pool.HikariPool        : HikariPool-1 - Added connection org.mariadb.jdbc.Connection@126d0868
2025-07-15T15:22:07.469-04:00  INFO 12122 --- [createmanagesubmit] [main] com.zaxxer.hikari.HikariDataSource       : HikariPool-1 - Start completed.
2025-07-15T15:22:07.500-04:00  WARN 12122 --- [createmanagesubmit] [main] org.hibernate.orm.deprecation            : HHH90000025: MariaDBDialect does not need to be specified explicitly using 'hibernate.dialect' (remove the property setting and it will be selected by default)
2025-07-15T15:22:07.523-04:00  INFO 12122 --- [createmanagesubmit] [main] org.hibernate.orm.connections.pooling    : HHH10001005: Database info:
	Database JDBC URL [Connecting through datasource 'HikariDataSource (HikariPool-1)']
	Database driver: undefined/unknown
	Database version: 11.8.2
	Autocommit mode: undefined/unknown
	Isolation level: undefined/unknown
	Minimum pool size: undefined/unknown
	Maximum pool size: undefined/unknown
2025-07-15T15:22:08.586-04:00  INFO 12122 --- [createmanagesubmit] [main] o.h.e.t.j.p.i.JtaPlatformInitiator       : HHH000489: No JTA platform available (set 'hibernate.transaction.jta.platform' to enable JTA platform integration)
2025-07-15T15:22:08.643-04:00  INFO 12122 --- [createmanagesubmit] [main] j.LocalContainerEntityManagerFactoryBean : Initialized JPA EntityManagerFactory for persistence unit 'default'
2025-07-15T15:22:09.377-04:00  INFO 12122 --- [createmanagesubmit] [jodconverter-offprocmng-0] o.j.local.office.OfficeDescriptor        : soffice info (from exec path): Product: LibreOffice - Version: ??? - useLongOptionNameGnuStyle: true
2025-07-15T15:22:09.556-04:00  INFO 12122 --- [createmanagesubmit] [main] o.s.b.a.w.s.WelcomePageHandlerMapping    : Adding welcome page template: index
2025-07-15T15:22:09.574-04:00  INFO 12122 --- [createmanagesubmit] [jodconverter-offprocmng-0] o.j.local.office.OfficeDescriptor        : soffice info (from help output): Product: LibreOffice - Version: 25.2.3.2 - useLongOptionNameGnuStyle: true
2025-07-15T15:22:09.600-04:00  WARN 12122 --- [createmanagesubmit] [jodconverter-offprocmng-0] o.j.l.office.LocalOfficeProcessManager   : A process with --accept 'socket,host=127.0.0.1,port=2002,tcpNoDelay=1;urp;StarOffice.ServiceManager' is already running; pid 9962; trying to kill it...
2025-07-15T15:22:10.632-04:00  WARN 12122 --- [createmanagesubmit] [jodconverter-offprocmng-0] o.j.l.office.LocalOfficeProcessManager   : Profile dir '/tmp/.jodconverter_socket_host-127.0.0.1_port-2002_tcpNoDelay-1' already exists; deleting
2025-07-15T15:22:10.640-04:00  INFO 12122 --- [createmanagesubmit] [jodconverter-offprocmng-0] o.j.l.office.LocalOfficeProcessManager   : Starting process with --accept 'socket,host=127.0.0.1,port=2002,tcpNoDelay=1;urp;StarOffice.ServiceManager' and profileDir '/tmp/.jodconverter_socket_host-127.0.0.1_port-2002_tcpNoDelay-1'
2025-07-15T15:22:11.028-04:00  INFO 12122 --- [createmanagesubmit] [main] o.s.b.a.e.web.EndpointLinksResolver      : Exposing 1 endpoint beneath base path '/actuator'
2025-07-15T15:22:11.251-04:00  WARN 12122 --- [createmanagesubmit] [jodconverter-offprocmng-0] o.j.l.o.StartProcessAndConnectRetryable  : Office process died with exit code 81; restarting it
2025-07-15T15:22:11.445-04:00  INFO 12122 --- [createmanagesubmit] [main] o.s.i.endpoint.EventDrivenConsumer       : Adding {logging-channel-adapter:_org.springframework.integration.errorLogger} as a subscriber to the 'errorChannel' channel
2025-07-15T15:22:11.446-04:00  INFO 12122 --- [createmanagesubmit] [main] o.s.i.channel.PublishSubscribeChannel    : Channel 'createmanagesubmit.errorChannel' has 1 subscriber(s).
2025-07-15T15:22:11.449-04:00  INFO 12122 --- [createmanagesubmit] [main] o.s.i.endpoint.EventDrivenConsumer       : started bean '_org.springframework.integration.errorLogger'
2025-07-15T15:22:11.468-04:00  INFO 12122 --- [createmanagesubmit] [main] o.s.b.w.embedded.tomcat.TomcatWebServer  : Tomcat started on port 8080 (http) with context path '/'
2025-07-15T15:22:11.503-04:00  INFO 12122 --- [createmanagesubmit] [main] c.v.c.CreatemanagesubmitApplication      : Started CreatemanagesubmitApplication in 8.233 seconds (process running for 9.025)
2025-07-15T15:22:12.578-04:00  INFO 12122 --- [createmanagesubmit] [jodconverter-offprocmng-0] o.j.local.office.OfficeConnection        : Connected: 'socket,host=127.0.0.1,port=2002,tcpNoDelay=1'
2025-07-15T15:22:12.580-04:00  INFO 12122 --- [createmanagesubmit] [jodconverter-offprocmng-0] o.j.l.office.LocalOfficeProcessManager   : Started process; pid: 12291
2025-07-15T15:22:12.668-04:00  INFO 12122 --- [createmanagesubmit] [http-nio-8080-exec-1] o.a.c.c.C.[Tomcat].[localhost].[/]       : Initializing Spring DispatcherServlet 'dispatcherServlet'
2025-07-15T15:22:12.678-04:00  INFO 12122 --- [createmanagesubmit] [http-nio-8080-exec-1] o.s.web.servlet.DispatcherServlet        : Initializing Servlet 'dispatcherServlet'
2025-07-15T15:22:12.681-04:00  INFO 12122 --- [createmanagesubmit] [http-nio-8080-exec-1] o.s.web.servlet.DispatcherServlet        : Completed initialization in 2 ms
2025-07-15T16:17:31.406-04:00  INFO 32225 --- [createmanagesubmit] [main] c.v.c.CreatemanagesubmitApplication      : Starting CreatemanagesubmitApplication using Java 21.0.7 with PID 32225 (/home/xvtfx/Documentos/createmanagesubmit/target/classes started by xvtfx in /home/xvtfx/Documentos/createmanagesubmit)
2025-07-15T16:17:31.412-04:00  INFO 32225 --- [createmanagesubmit] [main] c.v.c.CreatemanagesubmitApplication      : No active profile set, falling back to 1 default profile: "default"
2025-07-15T16:17:32.938-04:00  INFO 32225 --- [createmanagesubmit] [main] .s.d.r.c.RepositoryConfigurationDelegate : Bootstrapping Spring Data JPA repositories in DEFAULT mode.
2025-07-15T16:17:33.080-04:00  INFO 32225 --- [createmanagesubmit] [main] .s.d.r.c.RepositoryConfigurationDelegate : Finished Spring Data repository scanning in 130 ms. Found 4 JPA repository interfaces.
2025-07-15T16:17:33.173-04:00  INFO 32225 --- [createmanagesubmit] [main] faultConfiguringBeanFactoryPostProcessor : No bean named 'errorChannel' has been explicitly defined. Therefore, a default PublishSubscribeChannel will be created.
2025-07-15T16:17:33.181-04:00  INFO 32225 --- [createmanagesubmit] [main] faultConfiguringBeanFactoryPostProcessor : No bean named 'integrationHeaderChannelRegistry' has been explicitly defined. Therefore, a default DefaultHeaderChannelRegistry will be created.
2025-07-15T16:17:34.101-04:00  INFO 32225 --- [createmanagesubmit] [main] o.s.b.w.embedded.tomcat.TomcatWebServer  : Tomcat initialized with port 8080 (http)
2025-07-15T16:17:34.120-04:00  INFO 32225 --- [createmanagesubmit] [main] o.apache.catalina.core.StandardService   : Starting service [Tomcat]
2025-07-15T16:17:34.122-04:00  INFO 32225 --- [createmanagesubmit] [main] o.apache.catalina.core.StandardEngine    : Starting Servlet engine: [Apache Tomcat/10.1.34]
2025-07-15T16:17:34.180-04:00  INFO 32225 --- [createmanagesubmit] [main] o.a.c.c.C.[Tomcat].[localhost].[/]       : Initializing Spring embedded WebApplicationContext
2025-07-15T16:17:34.181-04:00  INFO 32225 --- [createmanagesubmit] [main] w.s.c.ServletWebServerApplicationContext : Root WebApplicationContext: initialization completed in 2679 ms
2025-07-15T16:17:34.578-04:00  INFO 32225 --- [createmanagesubmit] [main] o.hibernate.jpa.internal.util.LogHelper  : HHH000204: Processing PersistenceUnitInfo [name: default]
2025-07-15T16:17:34.636-04:00  INFO 32225 --- [createmanagesubmit] [main] org.hibernate.Version                    : HHH000412: Hibernate ORM core version 6.6.4.Final
2025-07-15T16:17:34.671-04:00  INFO 32225 --- [createmanagesubmit] [main] o.h.c.internal.RegionFactoryInitiator    : HHH000026: Second-level cache disabled
2025-07-15T16:17:34.938-04:00  INFO 32225 --- [createmanagesubmit] [main] o.s.o.j.p.SpringPersistenceUnitInfo      : No LoadTimeWeaver setup: ignoring JPA class transformer
2025-07-15T16:17:34.970-04:00  INFO 32225 --- [createmanagesubmit] [main] com.zaxxer.hikari.HikariDataSource       : HikariPool-1 - Starting...
2025-07-15T16:17:35.054-04:00  INFO 32225 --- [createmanagesubmit] [main] com.zaxxer.hikari.pool.HikariPool        : HikariPool-1 - Added connection org.mariadb.jdbc.Connection@346330b6
2025-07-15T16:17:35.057-04:00  INFO 32225 --- [createmanagesubmit] [main] com.zaxxer.hikari.HikariDataSource       : HikariPool-1 - Start completed.
2025-07-15T16:17:35.086-04:00  WARN 32225 --- [createmanagesubmit] [main] org.hibernate.orm.deprecation            : HHH90000025: MariaDBDialect does not need to be specified explicitly using 'hibernate.dialect' (remove the property setting and it will be selected by default)
2025-07-15T16:17:35.104-04:00  INFO 32225 --- [createmanagesubmit] [main] org.hibernate.orm.connections.pooling    : HHH10001005: Database info:
	Database JDBC URL [Connecting through datasource 'HikariDataSource (HikariPool-1)']
	Database driver: undefined/unknown
	Database version: 11.8.2
	Autocommit mode: undefined/unknown
	Isolation level: undefined/unknown
	Minimum pool size: undefined/unknown
	Maximum pool size: undefined/unknown
2025-07-15T16:17:36.186-04:00  INFO 32225 --- [createmanagesubmit] [main] o.h.e.t.j.p.i.JtaPlatformInitiator       : HHH000489: No JTA platform available (set 'hibernate.transaction.jta.platform' to enable JTA platform integration)
2025-07-15T16:17:36.241-04:00  INFO 32225 --- [createmanagesubmit] [main] j.LocalContainerEntityManagerFactoryBean : Initialized JPA EntityManagerFactory for persistence unit 'default'
2025-07-15T16:17:37.006-04:00  INFO 32225 --- [createmanagesubmit] [jodconverter-offprocmng-0] o.j.local.office.OfficeDescriptor        : soffice info (from exec path): Product: LibreOffice - Version: ??? - useLongOptionNameGnuStyle: true
2025-07-15T16:17:37.176-04:00  INFO 32225 --- [createmanagesubmit] [main] o.s.b.a.w.s.WelcomePageHandlerMapping    : Adding welcome page template: index
2025-07-15T16:17:37.211-04:00  INFO 32225 --- [createmanagesubmit] [jodconverter-offprocmng-0] o.j.local.office.OfficeDescriptor        : soffice info (from help output): Product: LibreOffice - Version: 25.2.3.2 - useLongOptionNameGnuStyle: true
2025-07-15T16:17:37.242-04:00  WARN 32225 --- [createmanagesubmit] [jodconverter-offprocmng-0] o.j.l.office.LocalOfficeProcessManager   : A process with --accept 'socket,host=127.0.0.1,port=2002,tcpNoDelay=1;urp;StarOffice.ServiceManager' is already running; pid 12291; trying to kill it...
2025-07-15T16:17:38.267-04:00  WARN 32225 --- [createmanagesubmit] [jodconverter-offprocmng-0] o.j.l.office.LocalOfficeProcessManager   : Profile dir '/tmp/.jodconverter_socket_host-127.0.0.1_port-2002_tcpNoDelay-1' already exists; deleting
2025-07-15T16:17:38.281-04:00  INFO 32225 --- [createmanagesubmit] [jodconverter-offprocmng-0] o.j.l.office.LocalOfficeProcessManager   : Starting process with --accept 'socket,host=127.0.0.1,port=2002,tcpNoDelay=1;urp;StarOffice.ServiceManager' and profileDir '/tmp/.jodconverter_socket_host-127.0.0.1_port-2002_tcpNoDelay-1'
2025-07-15T16:17:38.344-04:00  INFO 32225 --- [createmanagesubmit] [main] o.s.b.a.e.web.EndpointLinksResolver      : Exposing 1 endpoint beneath base path '/actuator'
2025-07-15T16:17:38.657-04:00  INFO 32225 --- [createmanagesubmit] [main] o.s.i.endpoint.EventDrivenConsumer       : Adding {logging-channel-adapter:_org.springframework.integration.errorLogger} as a subscriber to the 'errorChannel' channel
2025-07-15T16:17:38.659-04:00  INFO 32225 --- [createmanagesubmit] [main] o.s.i.channel.PublishSubscribeChannel    : Channel 'createmanagesubmit.errorChannel' has 1 subscriber(s).
2025-07-15T16:17:38.660-04:00  INFO 32225 --- [createmanagesubmit] [main] o.s.i.endpoint.EventDrivenConsumer       : started bean '_org.springframework.integration.errorLogger'
2025-07-15T16:17:38.687-04:00  INFO 32225 --- [createmanagesubmit] [main] o.s.b.w.embedded.tomcat.TomcatWebServer  : Tomcat started on port 8080 (http) with context path '/'
2025-07-15T16:17:38.734-04:00  INFO 32225 --- [createmanagesubmit] [main] c.v.c.CreatemanagesubmitApplication      : Started CreatemanagesubmitApplication in 7.93 seconds (process running for 8.701)
2025-07-15T16:17:38.880-04:00  WARN 32225 --- [createmanagesubmit] [jodconverter-offprocmng-0] o.j.l.o.StartProcessAndConnectRetryable  : Office process died with exit code 81; restarting it
2025-07-15T16:17:39.950-04:00  INFO 32225 --- [createmanagesubmit] [jodconverter-offprocmng-0] o.j.local.office.OfficeConnection        : Connected: 'socket,host=127.0.0.1,port=2002,tcpNoDelay=1'
2025-07-15T16:17:39.951-04:00  INFO 32225 --- [createmanagesubmit] [jodconverter-offprocmng-0] o.j.l.office.LocalOfficeProcessManager   : Started process; pid: 32395
2025-07-15T16:17:40.309-04:00  INFO 32225 --- [createmanagesubmit] [RMI TCP Connection(2)-127.0.0.1] o.a.c.c.C.[Tomcat].[localhost].[/]       : Initializing Spring DispatcherServlet 'dispatcherServlet'
2025-07-15T16:17:40.309-04:00  INFO 32225 --- [createmanagesubmit] [RMI TCP Connection(2)-127.0.0.1] o.s.web.servlet.DispatcherServlet        : Initializing Servlet 'dispatcherServlet'
2025-07-15T16:17:40.311-04:00  INFO 32225 --- [createmanagesubmit] [RMI TCP Connection(2)-127.0.0.1] o.s.web.servlet.DispatcherServlet        : Completed initialization in 1 ms
2025-07-15T16:17:57.225-04:00 ERROR 32225 --- [createmanagesubmit] [http-nio-8080-exec-6] o.a.c.c.C.[.[.[/].[dispatcherServlet]    : Servlet.service() for servlet [dispatcherServlet] in context with path [] threw exception [Request processing failed: java.lang.RuntimeException: Error parsando JSON de quizzes] with root cause

com.fasterxml.jackson.databind.exc.UnrecognizedPropertyException: Unrecognized field "exception" (class com.vt.createmanagesubmit.servicios.ServicioApi$QuizResponse), not marked as ignorable (one known property: "quizzes"])
 at [Source: REDACTED (`StreamReadFeature.INCLUDE_SOURCE_IN_LOCATION` disabled); line: 1, column: 15] (through reference chain: com.vt.createmanagesubmit.servicios.ServicioApi$QuizResponse["exception"])
	at com.fasterxml.jackson.databind.exc.UnrecognizedPropertyException.from(UnrecognizedPropertyException.java:61) ~[jackson-databind-2.18.2.jar:2.18.2]
	at com.fasterxml.jackson.databind.DeserializationContext.handleUnknownProperty(DeserializationContext.java:1153) ~[jackson-databind-2.18.2.jar:2.18.2]
	at com.fasterxml.jackson.databind.deser.std.StdDeserializer.handleUnknownProperty(StdDeserializer.java:2241) ~[jackson-databind-2.18.2.jar:2.18.2]
	at com.fasterxml.jackson.databind.deser.BeanDeserializerBase.handleUnknownProperty(BeanDeserializerBase.java:1821) ~[jackson-databind-2.18.2.jar:2.18.2]
	at com.fasterxml.jackson.databind.deser.BeanDeserializerBase.handleUnknownVanilla(BeanDeserializerBase.java:1799) ~[jackson-databind-2.18.2.jar:2.18.2]
	at com.fasterxml.jackson.databind.deser.BeanDeserializer.vanillaDeserialize(BeanDeserializer.java:316) ~[jackson-databind-2.18.2.jar:2.18.2]
	at com.fasterxml.jackson.databind.deser.BeanDeserializer.deserialize(BeanDeserializer.java:177) ~[jackson-databind-2.18.2.jar:2.18.2]
	at com.fasterxml.jackson.databind.deser.DefaultDeserializationContext.readRootValue(DefaultDeserializationContext.java:342) ~[jackson-databind-2.18.2.jar:2.18.2]
	at com.fasterxml.jackson.databind.ObjectMapper._readMapAndClose(ObjectMapper.java:4917) ~[jackson-databind-2.18.2.jar:2.18.2]
	at com.fasterxml.jackson.databind.ObjectMapper.readValue(ObjectMapper.java:3860) ~[jackson-databind-2.18.2.jar:2.18.2]
	at com.fasterxml.jackson.databind.ObjectMapper.readValue(ObjectMapper.java:3828) ~[jackson-databind-2.18.2.jar:2.18.2]
	at com.vt.createmanagesubmit.servicios.ServicioApi.obtenerQuizId(ServicioApi.java:207) ~[classes/:na]
	at com.vt.createmanagesubmit.controladores.ControladorBase.home(ControladorBase.java:139) ~[classes/:na]
	at java.base/jdk.internal.reflect.DirectMethodHandleAccessor.invoke(DirectMethodHandleAccessor.java:103) ~[na:na]
	at java.base/java.lang.reflect.Method.invoke(Method.java:580) ~[na:na]
	at org.springframework.web.method.support.InvocableHandlerMethod.doInvoke(InvocableHandlerMethod.java:257) ~[spring-web-6.2.1.jar:6.2.1]
	at org.springframework.web.method.support.InvocableHandlerMethod.invokeForRequest(InvocableHandlerMethod.java:190) ~[spring-web-6.2.1.jar:6.2.1]
	at org.springframework.web.servlet.mvc.method.annotation.ServletInvocableHandlerMethod.invokeAndHandle(ServletInvocableHandlerMethod.java:118) ~[spring-webmvc-6.2.1.jar:6.2.1]
	at org.springframework.web.servlet.mvc.method.annotation.RequestMappingHandlerAdapter.invokeHandlerMethod(RequestMappingHandlerAdapter.java:986) ~[spring-webmvc-6.2.1.jar:6.2.1]
	at org.springframework.web.servlet.mvc.method.annotation.RequestMappingHandlerAdapter.handleInternal(RequestMappingHandlerAdapter.java:891) ~[spring-webmvc-6.2.1.jar:6.2.1]
	at org.springframework.web.servlet.mvc.method.AbstractHandlerMethodAdapter.handle(AbstractHandlerMethodAdapter.java:87) ~[spring-webmvc-6.2.1.jar:6.2.1]
	at org.springframework.web.servlet.DispatcherServlet.doDispatch(DispatcherServlet.java:1088) ~[spring-webmvc-6.2.1.jar:6.2.1]
	at org.springframework.web.servlet.DispatcherServlet.doService(DispatcherServlet.java:978) ~[spring-webmvc-6.2.1.jar:6.2.1]
	at org.springframework.web.servlet.FrameworkServlet.processRequest(FrameworkServlet.java:1014) ~[spring-webmvc-6.2.1.jar:6.2.1]
	at org.springframework.web.servlet.FrameworkServlet.doGet(FrameworkServlet.java:903) ~[spring-webmvc-6.2.1.jar:6.2.1]
	at jakarta.servlet.http.HttpServlet.service(HttpServlet.java:564) ~[tomcat-embed-core-10.1.34.jar:6.0]
	at org.springframework.web.servlet.FrameworkServlet.service(FrameworkServlet.java:885) ~[spring-webmvc-6.2.1.jar:6.2.1]
	at jakarta.servlet.http.HttpServlet.service(HttpServlet.java:658) ~[tomcat-embed-core-10.1.34.jar:6.0]
	at org.apache.catalina.core.ApplicationFilterChain.internalDoFilter(ApplicationFilterChain.java:195) ~[tomcat-embed-core-10.1.34.jar:10.1.34]
	at org.apache.catalina.core.ApplicationFilterChain.doFilter(ApplicationFilterChain.java:140) ~[tomcat-embed-core-10.1.34.jar:10.1.34]
	at org.apache.tomcat.websocket.server.WsFilter.doFilter(WsFilter.java:51) ~[tomcat-embed-websocket-10.1.34.jar:10.1.34]
	at org.apache.catalina.core.ApplicationFilterChain.internalDoFilter(ApplicationFilterChain.java:164) ~[tomcat-embed-core-10.1.34.jar:10.1.34]
	at org.apache.catalina.core.ApplicationFilterChain.doFilter(ApplicationFilterChain.java:140) ~[tomcat-embed-core-10.1.34.jar:10.1.34]
	at org.springframework.web.filter.RequestContextFilter.doFilterInternal(RequestContextFilter.java:100) ~[spring-web-6.2.1.jar:6.2.1]
	at org.springframework.web.filter.OncePerRequestFilter.doFilter(OncePerRequestFilter.java:116) ~[spring-web-6.2.1.jar:6.2.1]
	at org.apache.catalina.core.ApplicationFilterChain.internalDoFilter(ApplicationFilterChain.java:164) ~[tomcat-embed-core-10.1.34.jar:10.1.34]
	at org.apache.catalina.core.ApplicationFilterChain.doFilter(ApplicationFilterChain.java:140) ~[tomcat-embed-core-10.1.34.jar:10.1.34]
	at org.springframework.web.filter.FormContentFilter.doFilterInternal(FormContentFilter.java:93) ~[spring-web-6.2.1.jar:6.2.1]
	at org.springframework.web.filter.OncePerRequestFilter.doFilter(OncePerRequestFilter.java:116) ~[spring-web-6.2.1.jar:6.2.1]
	at org.apache.catalina.core.ApplicationFilterChain.internalDoFilter(ApplicationFilterChain.java:164) ~[tomcat-embed-core-10.1.34.jar:10.1.34]
	at org.apache.catalina.core.ApplicationFilterChain.doFilter(ApplicationFilterChain.java:140) ~[tomcat-embed-core-10.1.34.jar:10.1.34]
	at org.springframework.web.filter.ServerHttpObservationFilter.doFilterInternal(ServerHttpObservationFilter.java:114) ~[spring-web-6.2.1.jar:6.2.1]
	at org.springframework.web.filter.OncePerRequestFilter.doFilter(OncePerRequestFilter.java:116) ~[spring-web-6.2.1.jar:6.2.1]
	at org.apache.catalina.core.ApplicationFilterChain.internalDoFilter(ApplicationFilterChain.java:164) ~[tomcat-embed-core-10.1.34.jar:10.1.34]
	at org.apache.catalina.core.ApplicationFilterChain.doFilter(ApplicationFilterChain.java:140) ~[tomcat-embed-core-10.1.34.jar:10.1.34]
	at org.springframework.web.filter.CharacterEncodingFilter.doFilterInternal(CharacterEncodingFilter.java:201) ~[spring-web-6.2.1.jar:6.2.1]
	at org.springframework.web.filter.OncePerRequestFilter.doFilter(OncePerRequestFilter.java:116) ~[spring-web-6.2.1.jar:6.2.1]
	at org.apache.catalina.core.ApplicationFilterChain.internalDoFilter(ApplicationFilterChain.java:164) ~[tomcat-embed-core-10.1.34.jar:10.1.34]
	at org.apache.catalina.core.ApplicationFilterChain.doFilter(ApplicationFilterChain.java:140) ~[tomcat-embed-core-10.1.34.jar:10.1.34]
	at org.apache.catalina.core.StandardWrapperValve.invoke(StandardWrapperValve.java:167) ~[tomcat-embed-core-10.1.34.jar:10.1.34]
	at org.apache.catalina.core.StandardContextValve.invoke(StandardContextValve.java:90) ~[tomcat-embed-core-10.1.34.jar:10.1.34]
	at org.apache.catalina.authenticator.AuthenticatorBase.invoke(AuthenticatorBase.java:483) ~[tomcat-embed-core-10.1.34.jar:10.1.34]
	at org.apache.catalina.core.StandardHostValve.invoke(StandardHostValve.java:115) ~[tomcat-embed-core-10.1.34.jar:10.1.34]
	at org.apache.catalina.valves.ErrorReportValve.invoke(ErrorReportValve.java:93) ~[tomcat-embed-core-10.1.34.jar:10.1.34]
	at org.apache.catalina.core.StandardEngineValve.invoke(StandardEngineValve.java:74) ~[tomcat-embed-core-10.1.34.jar:10.1.34]
	at org.apache.catalina.connector.CoyoteAdapter.service(CoyoteAdapter.java:344) ~[tomcat-embed-core-10.1.34.jar:10.1.34]
	at org.apache.coyote.http11.Http11Processor.service(Http11Processor.java:397) ~[tomcat-embed-core-10.1.34.jar:10.1.34]
	at org.apache.coyote.AbstractProcessorLight.process(AbstractProcessorLight.java:63) ~[tomcat-embed-core-10.1.34.jar:10.1.34]
	at org.apache.coyote.AbstractProtocol$ConnectionHandler.process(AbstractProtocol.java:905) ~[tomcat-embed-core-10.1.34.jar:10.1.34]
	at org.apache.tomcat.util.net.NioEndpoint$SocketProcessor.doRun(NioEndpoint.java:1741) ~[tomcat-embed-core-10.1.34.jar:10.1.34]
	at org.apache.tomcat.util.net.SocketProcessorBase.run(SocketProcessorBase.java:52) ~[tomcat-embed-core-10.1.34.jar:10.1.34]
	at org.apache.tomcat.util.threads.ThreadPoolExecutor.runWorker(ThreadPoolExecutor.java:1190) ~[tomcat-embed-core-10.1.34.jar:10.1.34]
	at org.apache.tomcat.util.threads.ThreadPoolExecutor$Worker.run(ThreadPoolExecutor.java:659) ~[tomcat-embed-core-10.1.34.jar:10.1.34]
	at org.apache.tomcat.util.threads.TaskThread$WrappingRunnable.run(TaskThread.java:63) ~[tomcat-embed-core-10.1.34.jar:10.1.34]
	at java.base/java.lang.Thread.run(Thread.java:1583) ~[na:na]

2025-07-15T17:11:47.367-04:00  INFO 49465 --- [createmanagesubmit] [main] c.v.c.CreatemanagesubmitApplication      : Starting CreatemanagesubmitApplication using Java 21.0.7 with PID 49465 (/home/xvtfx/Documentos/createmanagesubmit/target/classes started by xvtfx in /home/xvtfx/Documentos/createmanagesubmit)
2025-07-15T17:11:47.376-04:00  INFO 49465 --- [createmanagesubmit] [main] c.v.c.CreatemanagesubmitApplication      : No active profile set, falling back to 1 default profile: "default"
2025-07-15T17:11:48.945-04:00  INFO 49465 --- [createmanagesubmit] [main] .s.d.r.c.RepositoryConfigurationDelegate : Bootstrapping Spring Data JPA repositories in DEFAULT mode.
2025-07-15T17:11:49.085-04:00  INFO 49465 --- [createmanagesubmit] [main] .s.d.r.c.RepositoryConfigurationDelegate : Finished Spring Data repository scanning in 127 ms. Found 4 JPA repository interfaces.
2025-07-15T17:11:49.181-04:00  INFO 49465 --- [createmanagesubmit] [main] faultConfiguringBeanFactoryPostProcessor : No bean named 'errorChannel' has been explicitly defined. Therefore, a default PublishSubscribeChannel will be created.
2025-07-15T17:11:49.189-04:00  INFO 49465 --- [createmanagesubmit] [main] faultConfiguringBeanFactoryPostProcessor : No bean named 'integrationHeaderChannelRegistry' has been explicitly defined. Therefore, a default DefaultHeaderChannelRegistry will be created.
2025-07-15T17:11:50.126-04:00  INFO 49465 --- [createmanagesubmit] [main] o.s.b.w.embedded.tomcat.TomcatWebServer  : Tomcat initialized with port 8080 (http)
2025-07-15T17:11:50.143-04:00  INFO 49465 --- [createmanagesubmit] [main] o.apache.catalina.core.StandardService   : Starting service [Tomcat]
2025-07-15T17:11:50.144-04:00  INFO 49465 --- [createmanagesubmit] [main] o.apache.catalina.core.StandardEngine    : Starting Servlet engine: [Apache Tomcat/10.1.34]
2025-07-15T17:11:50.199-04:00  INFO 49465 --- [createmanagesubmit] [main] o.a.c.c.C.[Tomcat].[localhost].[/]       : Initializing Spring embedded WebApplicationContext
2025-07-15T17:11:50.200-04:00  INFO 49465 --- [createmanagesubmit] [main] w.s.c.ServletWebServerApplicationContext : Root WebApplicationContext: initialization completed in 2699 ms
2025-07-15T17:11:50.680-04:00  INFO 49465 --- [createmanagesubmit] [main] o.hibernate.jpa.internal.util.LogHelper  : HHH000204: Processing PersistenceUnitInfo [name: default]
2025-07-15T17:11:50.737-04:00  INFO 49465 --- [createmanagesubmit] [main] org.hibernate.Version                    : HHH000412: Hibernate ORM core version 6.6.4.Final
2025-07-15T17:11:50.780-04:00  INFO 49465 --- [createmanagesubmit] [main] o.h.c.internal.RegionFactoryInitiator    : HHH000026: Second-level cache disabled
2025-07-15T17:11:51.057-04:00  INFO 49465 --- [createmanagesubmit] [main] o.s.o.j.p.SpringPersistenceUnitInfo      : No LoadTimeWeaver setup: ignoring JPA class transformer
2025-07-15T17:11:51.092-04:00  INFO 49465 --- [createmanagesubmit] [main] com.zaxxer.hikari.HikariDataSource       : HikariPool-1 - Starting...
2025-07-15T17:11:51.190-04:00  INFO 49465 --- [createmanagesubmit] [main] com.zaxxer.hikari.pool.HikariPool        : HikariPool-1 - Added connection org.mariadb.jdbc.Connection@20d3fff4
2025-07-15T17:11:51.193-04:00  INFO 49465 --- [createmanagesubmit] [main] com.zaxxer.hikari.HikariDataSource       : HikariPool-1 - Start completed.
2025-07-15T17:11:51.231-04:00  WARN 49465 --- [createmanagesubmit] [main] org.hibernate.orm.deprecation            : HHH90000025: MariaDBDialect does not need to be specified explicitly using 'hibernate.dialect' (remove the property setting and it will be selected by default)
2025-07-15T17:11:51.250-04:00  INFO 49465 --- [createmanagesubmit] [main] org.hibernate.orm.connections.pooling    : HHH10001005: Database info:
	Database JDBC URL [Connecting through datasource 'HikariDataSource (HikariPool-1)']
	Database driver: undefined/unknown
	Database version: 11.8.2
	Autocommit mode: undefined/unknown
	Isolation level: undefined/unknown
	Minimum pool size: undefined/unknown
	Maximum pool size: undefined/unknown
2025-07-15T17:11:52.430-04:00  INFO 49465 --- [createmanagesubmit] [main] o.h.e.t.j.p.i.JtaPlatformInitiator       : HHH000489: No JTA platform available (set 'hibernate.transaction.jta.platform' to enable JTA platform integration)
2025-07-15T17:11:52.509-04:00  INFO 49465 --- [createmanagesubmit] [main] j.LocalContainerEntityManagerFactoryBean : Initialized JPA EntityManagerFactory for persistence unit 'default'
2025-07-15T17:11:53.314-04:00  INFO 49465 --- [createmanagesubmit] [jodconverter-offprocmng-0] o.j.local.office.OfficeDescriptor        : soffice info (from exec path): Product: LibreOffice - Version: ??? - useLongOptionNameGnuStyle: true
2025-07-15T17:11:53.485-04:00  INFO 49465 --- [createmanagesubmit] [jodconverter-offprocmng-0] o.j.local.office.OfficeDescriptor        : soffice info (from help output): Product: LibreOffice - Version: 25.2.3.2 - useLongOptionNameGnuStyle: true
2025-07-15T17:11:53.505-04:00  WARN 49465 --- [createmanagesubmit] [jodconverter-offprocmng-0] o.j.l.office.LocalOfficeProcessManager   : A process with --accept 'socket,host=127.0.0.1,port=2002,tcpNoDelay=1;urp;StarOffice.ServiceManager' is already running; pid 32395; trying to kill it...
2025-07-15T17:11:53.515-04:00  INFO 49465 --- [createmanagesubmit] [main] o.s.b.a.w.s.WelcomePageHandlerMapping    : Adding welcome page template: index
2025-07-15T17:11:54.548-04:00  WARN 49465 --- [createmanagesubmit] [jodconverter-offprocmng-0] o.j.l.office.LocalOfficeProcessManager   : Profile dir '/tmp/.jodconverter_socket_host-127.0.0.1_port-2002_tcpNoDelay-1' already exists; deleting
2025-07-15T17:11:54.559-04:00  INFO 49465 --- [createmanagesubmit] [jodconverter-offprocmng-0] o.j.l.office.LocalOfficeProcessManager   : Starting process with --accept 'socket,host=127.0.0.1,port=2002,tcpNoDelay=1;urp;StarOffice.ServiceManager' and profileDir '/tmp/.jodconverter_socket_host-127.0.0.1_port-2002_tcpNoDelay-1'
2025-07-15T17:11:55.186-04:00  INFO 49465 --- [createmanagesubmit] [main] o.s.b.a.e.web.EndpointLinksResolver      : Exposing 1 endpoint beneath base path '/actuator'
2025-07-15T17:11:55.191-04:00  WARN 49465 --- [createmanagesubmit] [jodconverter-offprocmng-0] o.j.l.o.StartProcessAndConnectRetryable  : Office process died with exit code 81; restarting it
2025-07-15T17:11:55.533-04:00  INFO 49465 --- [createmanagesubmit] [main] o.s.i.endpoint.EventDrivenConsumer       : Adding {logging-channel-adapter:_org.springframework.integration.errorLogger} as a subscriber to the 'errorChannel' channel
2025-07-15T17:11:55.538-04:00  INFO 49465 --- [createmanagesubmit] [main] o.s.i.channel.PublishSubscribeChannel    : Channel 'createmanagesubmit.errorChannel' has 1 subscriber(s).
2025-07-15T17:11:55.550-04:00  INFO 49465 --- [createmanagesubmit] [main] o.s.i.endpoint.EventDrivenConsumer       : started bean '_org.springframework.integration.errorLogger'
2025-07-15T17:11:55.612-04:00  INFO 49465 --- [createmanagesubmit] [main] o.s.b.w.embedded.tomcat.TomcatWebServer  : Tomcat started on port 8080 (http) with context path '/'
2025-07-15T17:11:55.683-04:00  INFO 49465 --- [createmanagesubmit] [main] c.v.c.CreatemanagesubmitApplication      : Started CreatemanagesubmitApplication in 8.818 seconds (process running for 9.575)
2025-07-15T17:11:56.410-04:00  INFO 49465 --- [createmanagesubmit] [RMI TCP Connection(2)-127.0.0.1] o.a.c.c.C.[Tomcat].[localhost].[/]       : Initializing Spring DispatcherServlet 'dispatcherServlet'
2025-07-15T17:11:56.410-04:00  INFO 49465 --- [createmanagesubmit] [RMI TCP Connection(2)-127.0.0.1] o.s.web.servlet.DispatcherServlet        : Initializing Servlet 'dispatcherServlet'
2025-07-15T17:11:56.412-04:00  INFO 49465 --- [createmanagesubmit] [RMI TCP Connection(2)-127.0.0.1] o.s.web.servlet.DispatcherServlet        : Completed initialization in 1 ms
2025-07-15T17:11:56.563-04:00  INFO 49465 --- [createmanagesubmit] [jodconverter-offprocmng-0] o.j.local.office.OfficeConnection        : Connected: 'socket,host=127.0.0.1,port=2002,tcpNoDelay=1'
2025-07-15T17:11:56.564-04:00  INFO 49465 --- [createmanagesubmit] [jodconverter-offprocmng-0] o.j.l.office.LocalOfficeProcessManager   : Started process; pid: 49618
2025-07-15T17:14:37.710-04:00  INFO 51013 --- [createmanagesubmit] [main] c.v.c.CreatemanagesubmitApplication      : Starting CreatemanagesubmitApplication using Java 21.0.7 with PID 51013 (/home/xvtfx/Documentos/createmanagesubmit/target/classes started by xvtfx in /home/xvtfx/Documentos/createmanagesubmit)
2025-07-15T17:14:37.713-04:00  INFO 51013 --- [createmanagesubmit] [main] c.v.c.CreatemanagesubmitApplication      : No active profile set, falling back to 1 default profile: "default"
2025-07-15T17:14:39.277-04:00  INFO 51013 --- [createmanagesubmit] [main] .s.d.r.c.RepositoryConfigurationDelegate : Bootstrapping Spring Data JPA repositories in DEFAULT mode.
2025-07-15T17:14:39.420-04:00  INFO 51013 --- [createmanagesubmit] [main] .s.d.r.c.RepositoryConfigurationDelegate : Finished Spring Data repository scanning in 131 ms. Found 4 JPA repository interfaces.
2025-07-15T17:14:39.518-04:00  INFO 51013 --- [createmanagesubmit] [main] faultConfiguringBeanFactoryPostProcessor : No bean named 'errorChannel' has been explicitly defined. Therefore, a default PublishSubscribeChannel will be created.
2025-07-15T17:14:39.530-04:00  INFO 51013 --- [createmanagesubmit] [main] faultConfiguringBeanFactoryPostProcessor : No bean named 'integrationHeaderChannelRegistry' has been explicitly defined. Therefore, a default DefaultHeaderChannelRegistry will be created.
2025-07-15T17:14:40.463-04:00  INFO 51013 --- [createmanagesubmit] [main] o.s.b.w.embedded.tomcat.TomcatWebServer  : Tomcat initialized with port 8080 (http)
2025-07-15T17:14:40.479-04:00  INFO 51013 --- [createmanagesubmit] [main] o.apache.catalina.core.StandardService   : Starting service [Tomcat]
2025-07-15T17:14:40.480-04:00  INFO 51013 --- [createmanagesubmit] [main] o.apache.catalina.core.StandardEngine    : Starting Servlet engine: [Apache Tomcat/10.1.34]
2025-07-15T17:14:40.583-04:00  INFO 51013 --- [createmanagesubmit] [main] o.a.c.c.C.[Tomcat].[localhost].[/]       : Initializing Spring embedded WebApplicationContext
2025-07-15T17:14:40.583-04:00  INFO 51013 --- [createmanagesubmit] [main] w.s.c.ServletWebServerApplicationContext : Root WebApplicationContext: initialization completed in 2797 ms
2025-07-15T17:14:41.031-04:00  INFO 51013 --- [createmanagesubmit] [main] o.hibernate.jpa.internal.util.LogHelper  : HHH000204: Processing PersistenceUnitInfo [name: default]
2025-07-15T17:14:41.089-04:00  INFO 51013 --- [createmanagesubmit] [main] org.hibernate.Version                    : HHH000412: Hibernate ORM core version 6.6.4.Final
2025-07-15T17:14:41.121-04:00  INFO 51013 --- [createmanagesubmit] [main] o.h.c.internal.RegionFactoryInitiator    : HHH000026: Second-level cache disabled
2025-07-15T17:14:41.389-04:00  INFO 51013 --- [createmanagesubmit] [main] o.s.o.j.p.SpringPersistenceUnitInfo      : No LoadTimeWeaver setup: ignoring JPA class transformer
2025-07-15T17:14:41.431-04:00  INFO 51013 --- [createmanagesubmit] [main] com.zaxxer.hikari.HikariDataSource       : HikariPool-1 - Starting...
2025-07-15T17:14:41.523-04:00  INFO 51013 --- [createmanagesubmit] [main] com.zaxxer.hikari.pool.HikariPool        : HikariPool-1 - Added connection org.mariadb.jdbc.Connection@3117ac8d
2025-07-15T17:14:41.525-04:00  INFO 51013 --- [createmanagesubmit] [main] com.zaxxer.hikari.HikariDataSource       : HikariPool-1 - Start completed.
2025-07-15T17:14:41.554-04:00  WARN 51013 --- [createmanagesubmit] [main] org.hibernate.orm.deprecation            : HHH90000025: MariaDBDialect does not need to be specified explicitly using 'hibernate.dialect' (remove the property setting and it will be selected by default)
2025-07-15T17:14:41.571-04:00  INFO 51013 --- [createmanagesubmit] [main] org.hibernate.orm.connections.pooling    : HHH10001005: Database info:
	Database JDBC URL [Connecting through datasource 'HikariDataSource (HikariPool-1)']
	Database driver: undefined/unknown
	Database version: 11.8.2
	Autocommit mode: undefined/unknown
	Isolation level: undefined/unknown
	Minimum pool size: undefined/unknown
	Maximum pool size: undefined/unknown
2025-07-15T17:14:42.625-04:00  INFO 51013 --- [createmanagesubmit] [main] o.h.e.t.j.p.i.JtaPlatformInitiator       : HHH000489: No JTA platform available (set 'hibernate.transaction.jta.platform' to enable JTA platform integration)
2025-07-15T17:14:42.673-04:00  INFO 51013 --- [createmanagesubmit] [main] j.LocalContainerEntityManagerFactoryBean : Initialized JPA EntityManagerFactory for persistence unit 'default'
2025-07-15T17:14:43.393-04:00  INFO 51013 --- [createmanagesubmit] [jodconverter-offprocmng-0] o.j.local.office.OfficeDescriptor        : soffice info (from exec path): Product: LibreOffice - Version: ??? - useLongOptionNameGnuStyle: true
2025-07-15T17:14:43.526-04:00  INFO 51013 --- [createmanagesubmit] [main] o.s.b.a.w.s.WelcomePageHandlerMapping    : Adding welcome page template: index
2025-07-15T17:14:43.590-04:00  INFO 51013 --- [createmanagesubmit] [jodconverter-offprocmng-0] o.j.local.office.OfficeDescriptor        : soffice info (from help output): Product: LibreOffice - Version: 25.2.3.2 - useLongOptionNameGnuStyle: true
2025-07-15T17:14:43.620-04:00  WARN 51013 --- [createmanagesubmit] [jodconverter-offprocmng-0] o.j.l.office.LocalOfficeProcessManager   : A process with --accept 'socket,host=127.0.0.1,port=2002,tcpNoDelay=1;urp;StarOffice.ServiceManager' is already running; pid 49618; trying to kill it...
2025-07-15T17:14:44.662-04:00  WARN 51013 --- [createmanagesubmit] [jodconverter-offprocmng-0] o.j.l.office.LocalOfficeProcessManager   : Profile dir '/tmp/.jodconverter_socket_host-127.0.0.1_port-2002_tcpNoDelay-1' already exists; deleting
2025-07-15T17:14:44.665-04:00  INFO 51013 --- [createmanagesubmit] [main] o.s.b.a.e.web.EndpointLinksResolver      : Exposing 1 endpoint beneath base path '/actuator'
2025-07-15T17:14:44.669-04:00  INFO 51013 --- [createmanagesubmit] [jodconverter-offprocmng-0] o.j.l.office.LocalOfficeProcessManager   : Starting process with --accept 'socket,host=127.0.0.1,port=2002,tcpNoDelay=1;urp;StarOffice.ServiceManager' and profileDir '/tmp/.jodconverter_socket_host-127.0.0.1_port-2002_tcpNoDelay-1'
2025-07-15T17:14:44.977-04:00  INFO 51013 --- [createmanagesubmit] [main] o.s.i.endpoint.EventDrivenConsumer       : Adding {logging-channel-adapter:_org.springframework.integration.errorLogger} as a subscriber to the 'errorChannel' channel
2025-07-15T17:14:44.978-04:00  INFO 51013 --- [createmanagesubmit] [main] o.s.i.channel.PublishSubscribeChannel    : Channel 'createmanagesubmit.errorChannel' has 1 subscriber(s).
2025-07-15T17:14:44.979-04:00  INFO 51013 --- [createmanagesubmit] [main] o.s.i.endpoint.EventDrivenConsumer       : started bean '_org.springframework.integration.errorLogger'
2025-07-15T17:14:45.004-04:00  INFO 51013 --- [createmanagesubmit] [main] o.s.b.w.embedded.tomcat.TomcatWebServer  : Tomcat started on port 8080 (http) with context path '/'
2025-07-15T17:14:45.060-04:00  INFO 51013 --- [createmanagesubmit] [main] c.v.c.CreatemanagesubmitApplication      : Started CreatemanagesubmitApplication in 7.936 seconds (process running for 8.732)
2025-07-15T17:14:45.271-04:00  WARN 51013 --- [createmanagesubmit] [jodconverter-offprocmng-0] o.j.l.o.StartProcessAndConnectRetryable  : Office process died with exit code 81; restarting it
2025-07-15T17:14:46.330-04:00  INFO 51013 --- [createmanagesubmit] [jodconverter-offprocmng-0] o.j.local.office.OfficeConnection        : Connected: 'socket,host=127.0.0.1,port=2002,tcpNoDelay=1'
2025-07-15T17:14:46.331-04:00  INFO 51013 --- [createmanagesubmit] [jodconverter-offprocmng-0] o.j.l.office.LocalOfficeProcessManager   : Started process; pid: 51178
2025-07-15T17:14:46.509-04:00  INFO 51013 --- [createmanagesubmit] [RMI TCP Connection(3)-127.0.0.1] o.a.c.c.C.[Tomcat].[localhost].[/]       : Initializing Spring DispatcherServlet 'dispatcherServlet'
2025-07-15T17:14:46.510-04:00  INFO 51013 --- [createmanagesubmit] [RMI TCP Connection(3)-127.0.0.1] o.s.web.servlet.DispatcherServlet        : Initializing Servlet 'dispatcherServlet'
2025-07-15T17:14:46.513-04:00  INFO 51013 --- [createmanagesubmit] [RMI TCP Connection(3)-127.0.0.1] o.s.web.servlet.DispatcherServlet        : Completed initialization in 2 ms
2025-07-15T17:18:35.868-04:00  INFO 52915 --- [createmanagesubmit] [main] c.v.c.CreatemanagesubmitApplication      : Starting CreatemanagesubmitApplication using Java 21.0.7 with PID 52915 (/home/xvtfx/Documentos/createmanagesubmit/target/classes started by xvtfx in /home/xvtfx/Documentos/createmanagesubmit)
2025-07-15T17:18:35.870-04:00  INFO 52915 --- [createmanagesubmit] [main] c.v.c.CreatemanagesubmitApplication      : No active profile set, falling back to 1 default profile: "default"
2025-07-15T17:18:37.239-04:00  INFO 52915 --- [createmanagesubmit] [main] .s.d.r.c.RepositoryConfigurationDelegate : Bootstrapping Spring Data JPA repositories in DEFAULT mode.
2025-07-15T17:18:37.378-04:00  INFO 52915 --- [createmanagesubmit] [main] .s.d.r.c.RepositoryConfigurationDelegate : Finished Spring Data repository scanning in 127 ms. Found 4 JPA repository interfaces.
2025-07-15T17:18:37.490-04:00  INFO 52915 --- [createmanagesubmit] [main] faultConfiguringBeanFactoryPostProcessor : No bean named 'errorChannel' has been explicitly defined. Therefore, a default PublishSubscribeChannel will be created.
2025-07-15T17:18:37.505-04:00  INFO 52915 --- [createmanagesubmit] [main] faultConfiguringBeanFactoryPostProcessor : No bean named 'integrationHeaderChannelRegistry' has been explicitly defined. Therefore, a default DefaultHeaderChannelRegistry will be created.
2025-07-15T17:18:38.445-04:00  INFO 52915 --- [createmanagesubmit] [main] o.s.b.w.embedded.tomcat.TomcatWebServer  : Tomcat initialized with port 8080 (http)
2025-07-15T17:18:38.464-04:00  INFO 52915 --- [createmanagesubmit] [main] o.apache.catalina.core.StandardService   : Starting service [Tomcat]
2025-07-15T17:18:38.465-04:00  INFO 52915 --- [createmanagesubmit] [main] o.apache.catalina.core.StandardEngine    : Starting Servlet engine: [Apache Tomcat/10.1.34]
2025-07-15T17:18:38.531-04:00  INFO 52915 --- [createmanagesubmit] [main] o.a.c.c.C.[Tomcat].[localhost].[/]       : Initializing Spring embedded WebApplicationContext
2025-07-15T17:18:38.532-04:00  INFO 52915 --- [createmanagesubmit] [main] w.s.c.ServletWebServerApplicationContext : Root WebApplicationContext: initialization completed in 2607 ms
2025-07-15T17:18:38.961-04:00  INFO 52915 --- [createmanagesubmit] [main] o.hibernate.jpa.internal.util.LogHelper  : HHH000204: Processing PersistenceUnitInfo [name: default]
2025-07-15T17:18:39.020-04:00  INFO 52915 --- [createmanagesubmit] [main] org.hibernate.Version                    : HHH000412: Hibernate ORM core version 6.6.4.Final
2025-07-15T17:18:39.061-04:00  INFO 52915 --- [createmanagesubmit] [main] o.h.c.internal.RegionFactoryInitiator    : HHH000026: Second-level cache disabled
2025-07-15T17:18:39.335-04:00  INFO 52915 --- [createmanagesubmit] [main] o.s.o.j.p.SpringPersistenceUnitInfo      : No LoadTimeWeaver setup: ignoring JPA class transformer
2025-07-15T17:18:39.364-04:00  INFO 52915 --- [createmanagesubmit] [main] com.zaxxer.hikari.HikariDataSource       : HikariPool-1 - Starting...
2025-07-15T17:18:39.455-04:00  INFO 52915 --- [createmanagesubmit] [main] com.zaxxer.hikari.pool.HikariPool        : HikariPool-1 - Added connection org.mariadb.jdbc.Connection@7ea039b4
2025-07-15T17:18:39.458-04:00  INFO 52915 --- [createmanagesubmit] [main] com.zaxxer.hikari.HikariDataSource       : HikariPool-1 - Start completed.
2025-07-15T17:18:39.482-04:00  WARN 52915 --- [createmanagesubmit] [main] org.hibernate.orm.deprecation            : HHH90000025: MariaDBDialect does not need to be specified explicitly using 'hibernate.dialect' (remove the property setting and it will be selected by default)
2025-07-15T17:18:39.499-04:00  INFO 52915 --- [createmanagesubmit] [main] org.hibernate.orm.connections.pooling    : HHH10001005: Database info:
	Database JDBC URL [Connecting through datasource 'HikariDataSource (HikariPool-1)']
	Database driver: undefined/unknown
	Database version: 11.8.2
	Autocommit mode: undefined/unknown
	Isolation level: undefined/unknown
	Minimum pool size: undefined/unknown
	Maximum pool size: undefined/unknown
2025-07-15T17:18:40.513-04:00  INFO 52915 --- [createmanagesubmit] [main] o.h.e.t.j.p.i.JtaPlatformInitiator       : HHH000489: No JTA platform available (set 'hibernate.transaction.jta.platform' to enable JTA platform integration)
2025-07-15T17:18:40.564-04:00  INFO 52915 --- [createmanagesubmit] [main] j.LocalContainerEntityManagerFactoryBean : Initialized JPA EntityManagerFactory for persistence unit 'default'
2025-07-15T17:18:41.297-04:00  INFO 52915 --- [createmanagesubmit] [jodconverter-offprocmng-0] o.j.local.office.OfficeDescriptor        : soffice info (from exec path): Product: LibreOffice - Version: ??? - useLongOptionNameGnuStyle: true
2025-07-15T17:18:41.462-04:00  INFO 52915 --- [createmanagesubmit] [main] o.s.b.a.w.s.WelcomePageHandlerMapping    : Adding welcome page template: index
2025-07-15T17:18:41.506-04:00  INFO 52915 --- [createmanagesubmit] [jodconverter-offprocmng-0] o.j.local.office.OfficeDescriptor        : soffice info (from help output): Product: LibreOffice - Version: 25.2.3.2 - useLongOptionNameGnuStyle: true
2025-07-15T17:18:41.543-04:00  WARN 52915 --- [createmanagesubmit] [jodconverter-offprocmng-0] o.j.l.office.LocalOfficeProcessManager   : A process with --accept 'socket,host=127.0.0.1,port=2002,tcpNoDelay=1;urp;StarOffice.ServiceManager' is already running; pid 51178; trying to kill it...
2025-07-15T17:18:42.583-04:00  WARN 52915 --- [createmanagesubmit] [jodconverter-offprocmng-0] o.j.l.office.LocalOfficeProcessManager   : Profile dir '/tmp/.jodconverter_socket_host-127.0.0.1_port-2002_tcpNoDelay-1' already exists; deleting
2025-07-15T17:18:42.592-04:00  INFO 52915 --- [createmanagesubmit] [jodconverter-offprocmng-0] o.j.l.office.LocalOfficeProcessManager   : Starting process with --accept 'socket,host=127.0.0.1,port=2002,tcpNoDelay=1;urp;StarOffice.ServiceManager' and profileDir '/tmp/.jodconverter_socket_host-127.0.0.1_port-2002_tcpNoDelay-1'
2025-07-15T17:18:42.752-04:00  INFO 52915 --- [createmanagesubmit] [main] o.s.b.a.e.web.EndpointLinksResolver      : Exposing 1 endpoint beneath base path '/actuator'
2025-07-15T17:18:43.038-04:00  INFO 52915 --- [createmanagesubmit] [main] o.s.i.endpoint.EventDrivenConsumer       : Adding {logging-channel-adapter:_org.springframework.integration.errorLogger} as a subscriber to the 'errorChannel' channel
2025-07-15T17:18:43.039-04:00  INFO 52915 --- [createmanagesubmit] [main] o.s.i.channel.PublishSubscribeChannel    : Channel 'createmanagesubmit.errorChannel' has 1 subscriber(s).
2025-07-15T17:18:43.040-04:00  INFO 52915 --- [createmanagesubmit] [main] o.s.i.endpoint.EventDrivenConsumer       : started bean '_org.springframework.integration.errorLogger'
2025-07-15T17:18:43.058-04:00  INFO 52915 --- [createmanagesubmit] [main] o.s.b.w.embedded.tomcat.TomcatWebServer  : Tomcat started on port 8080 (http) with context path '/'
2025-07-15T17:18:43.090-04:00  INFO 52915 --- [createmanagesubmit] [main] c.v.c.CreatemanagesubmitApplication      : Started CreatemanagesubmitApplication in 7.705 seconds (process running for 8.435)
2025-07-15T17:18:43.191-04:00  WARN 52915 --- [createmanagesubmit] [jodconverter-offprocmng-0] o.j.l.o.StartProcessAndConnectRetryable  : Office process died with exit code 81; restarting it
2025-07-15T17:18:44.242-04:00  INFO 52915 --- [createmanagesubmit] [jodconverter-offprocmng-0] o.j.local.office.OfficeConnection        : Connected: 'socket,host=127.0.0.1,port=2002,tcpNoDelay=1'
2025-07-15T17:18:44.243-04:00  INFO 52915 --- [createmanagesubmit] [jodconverter-offprocmng-0] o.j.l.office.LocalOfficeProcessManager   : Started process; pid: 53084
2025-07-15T17:18:44.789-04:00  INFO 52915 --- [createmanagesubmit] [RMI TCP Connection(2)-127.0.0.1] o.a.c.c.C.[Tomcat].[localhost].[/]       : Initializing Spring DispatcherServlet 'dispatcherServlet'
2025-07-15T17:18:44.790-04:00  INFO 52915 --- [createmanagesubmit] [RMI TCP Connection(2)-127.0.0.1] o.s.web.servlet.DispatcherServlet        : Initializing Servlet 'dispatcherServlet'
2025-07-15T17:18:44.793-04:00  INFO 52915 --- [createmanagesubmit] [RMI TCP Connection(2)-127.0.0.1] o.s.web.servlet.DispatcherServlet        : Completed initialization in 3 ms
2025-07-15T17:20:37.344-04:00  INFO 54201 --- [createmanagesubmit] [main] c.v.c.CreatemanagesubmitApplication      : Starting CreatemanagesubmitApplication using Java 21.0.7 with PID 54201 (/home/xvtfx/Documentos/createmanagesubmit/target/classes started by xvtfx in /home/xvtfx/Documentos/createmanagesubmit)
2025-07-15T17:20:37.352-04:00  INFO 54201 --- [createmanagesubmit] [main] c.v.c.CreatemanagesubmitApplication      : No active profile set, falling back to 1 default profile: "default"
2025-07-15T17:20:38.727-04:00  INFO 54201 --- [createmanagesubmit] [main] .s.d.r.c.RepositoryConfigurationDelegate : Bootstrapping Spring Data JPA repositories in DEFAULT mode.
2025-07-15T17:20:38.864-04:00  INFO 54201 --- [createmanagesubmit] [main] .s.d.r.c.RepositoryConfigurationDelegate : Finished Spring Data repository scanning in 125 ms. Found 4 JPA repository interfaces.
2025-07-15T17:20:38.957-04:00  INFO 54201 --- [createmanagesubmit] [main] faultConfiguringBeanFactoryPostProcessor : No bean named 'errorChannel' has been explicitly defined. Therefore, a default PublishSubscribeChannel will be created.
2025-07-15T17:20:38.965-04:00  INFO 54201 --- [createmanagesubmit] [main] faultConfiguringBeanFactoryPostProcessor : No bean named 'integrationHeaderChannelRegistry' has been explicitly defined. Therefore, a default DefaultHeaderChannelRegistry will be created.
2025-07-15T17:20:39.817-04:00  INFO 54201 --- [createmanagesubmit] [main] o.s.b.w.embedded.tomcat.TomcatWebServer  : Tomcat initialized with port 8080 (http)
2025-07-15T17:20:39.835-04:00  INFO 54201 --- [createmanagesubmit] [main] o.apache.catalina.core.StandardService   : Starting service [Tomcat]
2025-07-15T17:20:39.835-04:00  INFO 54201 --- [createmanagesubmit] [main] o.apache.catalina.core.StandardEngine    : Starting Servlet engine: [Apache Tomcat/10.1.34]
2025-07-15T17:20:39.883-04:00  INFO 54201 --- [createmanagesubmit] [main] o.a.c.c.C.[Tomcat].[localhost].[/]       : Initializing Spring embedded WebApplicationContext
2025-07-15T17:20:39.884-04:00  INFO 54201 --- [createmanagesubmit] [main] w.s.c.ServletWebServerApplicationContext : Root WebApplicationContext: initialization completed in 2454 ms
2025-07-15T17:20:40.319-04:00  INFO 54201 --- [createmanagesubmit] [main] o.hibernate.jpa.internal.util.LogHelper  : HHH000204: Processing PersistenceUnitInfo [name: default]
2025-07-15T17:20:40.369-04:00  INFO 54201 --- [createmanagesubmit] [main] org.hibernate.Version                    : HHH000412: Hibernate ORM core version 6.6.4.Final
2025-07-15T17:20:40.402-04:00  INFO 54201 --- [createmanagesubmit] [main] o.h.c.internal.RegionFactoryInitiator    : HHH000026: Second-level cache disabled
2025-07-15T17:20:40.690-04:00  INFO 54201 --- [createmanagesubmit] [main] o.s.o.j.p.SpringPersistenceUnitInfo      : No LoadTimeWeaver setup: ignoring JPA class transformer
2025-07-15T17:20:40.731-04:00  INFO 54201 --- [createmanagesubmit] [main] com.zaxxer.hikari.HikariDataSource       : HikariPool-1 - Starting...
2025-07-15T17:20:40.845-04:00  INFO 54201 --- [createmanagesubmit] [main] com.zaxxer.hikari.pool.HikariPool        : HikariPool-1 - Added connection org.mariadb.jdbc.Connection@760c777d
2025-07-15T17:20:40.848-04:00  INFO 54201 --- [createmanagesubmit] [main] com.zaxxer.hikari.HikariDataSource       : HikariPool-1 - Start completed.
2025-07-15T17:20:40.878-04:00  WARN 54201 --- [createmanagesubmit] [main] org.hibernate.orm.deprecation            : HHH90000025: MariaDBDialect does not need to be specified explicitly using 'hibernate.dialect' (remove the property setting and it will be selected by default)
2025-07-15T17:20:40.899-04:00  INFO 54201 --- [createmanagesubmit] [main] org.hibernate.orm.connections.pooling    : HHH10001005: Database info:
	Database JDBC URL [Connecting through datasource 'HikariDataSource (HikariPool-1)']
	Database driver: undefined/unknown
	Database version: 11.8.2
	Autocommit mode: undefined/unknown
	Isolation level: undefined/unknown
	Minimum pool size: undefined/unknown
	Maximum pool size: undefined/unknown
2025-07-15T17:20:42.109-04:00  INFO 54201 --- [createmanagesubmit] [main] o.h.e.t.j.p.i.JtaPlatformInitiator       : HHH000489: No JTA platform available (set 'hibernate.transaction.jta.platform' to enable JTA platform integration)
2025-07-15T17:20:42.157-04:00  INFO 54201 --- [createmanagesubmit] [main] j.LocalContainerEntityManagerFactoryBean : Initialized JPA EntityManagerFactory for persistence unit 'default'
2025-07-15T17:20:43.000-04:00  INFO 54201 --- [createmanagesubmit] [jodconverter-offprocmng-0] o.j.local.office.OfficeDescriptor        : soffice info (from exec path): Product: LibreOffice - Version: ??? - useLongOptionNameGnuStyle: true
2025-07-15T17:20:43.221-04:00  INFO 54201 --- [createmanagesubmit] [main] o.s.b.a.w.s.WelcomePageHandlerMapping    : Adding welcome page template: index
2025-07-15T17:20:43.235-04:00  INFO 54201 --- [createmanagesubmit] [jodconverter-offprocmng-0] o.j.local.office.OfficeDescriptor        : soffice info (from help output): Product: LibreOffice - Version: 25.2.3.2 - useLongOptionNameGnuStyle: true
2025-07-15T17:20:43.267-04:00  WARN 54201 --- [createmanagesubmit] [jodconverter-offprocmng-0] o.j.l.office.LocalOfficeProcessManager   : A process with --accept 'socket,host=127.0.0.1,port=2002,tcpNoDelay=1;urp;StarOffice.ServiceManager' is already running; pid 53084; trying to kill it...
2025-07-15T17:20:44.294-04:00  WARN 54201 --- [createmanagesubmit] [jodconverter-offprocmng-0] o.j.l.office.LocalOfficeProcessManager   : Profile dir '/tmp/.jodconverter_socket_host-127.0.0.1_port-2002_tcpNoDelay-1' already exists; deleting
2025-07-15T17:20:44.304-04:00  INFO 54201 --- [createmanagesubmit] [jodconverter-offprocmng-0] o.j.l.office.LocalOfficeProcessManager   : Starting process with --accept 'socket,host=127.0.0.1,port=2002,tcpNoDelay=1;urp;StarOffice.ServiceManager' and profileDir '/tmp/.jodconverter_socket_host-127.0.0.1_port-2002_tcpNoDelay-1'
2025-07-15T17:20:44.442-04:00  INFO 54201 --- [createmanagesubmit] [main] o.s.b.a.e.web.EndpointLinksResolver      : Exposing 1 endpoint beneath base path '/actuator'
2025-07-15T17:20:44.744-04:00  INFO 54201 --- [createmanagesubmit] [main] o.s.i.endpoint.EventDrivenConsumer       : Adding {logging-channel-adapter:_org.springframework.integration.errorLogger} as a subscriber to the 'errorChannel' channel
2025-07-15T17:20:44.745-04:00  INFO 54201 --- [createmanagesubmit] [main] o.s.i.channel.PublishSubscribeChannel    : Channel 'createmanagesubmit.errorChannel' has 1 subscriber(s).
2025-07-15T17:20:44.746-04:00  INFO 54201 --- [createmanagesubmit] [main] o.s.i.endpoint.EventDrivenConsumer       : started bean '_org.springframework.integration.errorLogger'
2025-07-15T17:20:44.777-04:00  INFO 54201 --- [createmanagesubmit] [main] o.s.b.w.embedded.tomcat.TomcatWebServer  : Tomcat started on port 8080 (http) with context path '/'
2025-07-15T17:20:44.818-04:00  INFO 54201 --- [createmanagesubmit] [main] c.v.c.CreatemanagesubmitApplication      : Started CreatemanagesubmitApplication in 7.988 seconds (process running for 8.682)
2025-07-15T17:20:44.901-04:00  WARN 54201 --- [createmanagesubmit] [jodconverter-offprocmng-0] o.j.l.o.StartProcessAndConnectRetryable  : Office process died with exit code 81; restarting it
2025-07-15T17:20:45.741-04:00  INFO 54201 --- [createmanagesubmit] [http-nio-8080-exec-2] o.a.c.c.C.[Tomcat].[localhost].[/]       : Initializing Spring DispatcherServlet 'dispatcherServlet'
2025-07-15T17:20:45.741-04:00  INFO 54201 --- [createmanagesubmit] [http-nio-8080-exec-2] o.s.web.servlet.DispatcherServlet        : Initializing Servlet 'dispatcherServlet'
2025-07-15T17:20:45.744-04:00  INFO 54201 --- [createmanagesubmit] [http-nio-8080-exec-2] o.s.web.servlet.DispatcherServlet        : Completed initialization in 2 ms
2025-07-15T17:20:46.028-04:00  INFO 54201 --- [createmanagesubmit] [jodconverter-offprocmng-0] o.j.local.office.OfficeConnection        : Connected: 'socket,host=127.0.0.1,port=2002,tcpNoDelay=1'
2025-07-15T17:20:46.029-04:00  INFO 54201 --- [createmanagesubmit] [jodconverter-offprocmng-0] o.j.l.office.LocalOfficeProcessManager   : Started process; pid: 54388
